// Jest Snapshot v1, https://goo.gl/fbAQLP

exports[`EducationLevel renders correctly 1`] = `
<div>
  <div>
    value: 'None'
  </div>
  <div>
    inputValue: ''
  </div>
  <div>
    inputValue: 'None'
  </div>
  <br />
  <h6
    className="MuiTypography-root MuiTypography-h6 css-u6xmfb-MuiTypography-root"
    onClick={[Function]}
  >
    Education Level
  </h6>
</div>
`;

exports[`EducationLevel renders with the correct initial state 1`] = `
<div>
  <div>
    value: 'None'
  </div>
  <div>
    inputValue: ''
  </div>
  <div>
    inputValue: 'None'
  </div>
  <br />
  <h6
    className="MuiTypography-root MuiTypography-h6 css-u6xmfb-MuiTypography-root"
    onClick={[Function]}
  >
    Education Level
  </h6>
</div>
`;
